(=> (not (= total_amount1 "9.00")) (= returnVal 0))
(=> (and (= sequential_notification 1) (not (= total_amount2 "9.00"))) (= returnVal 0))
(=> (and (= sequential_notification 1) (not (= app_id2 "2014072300007148"))) (= returnVal 0))
(=> (and (= sequential_notification 1) (not (= out_trade_no2 "201800000001201"))) (= returnVal 0))
(=> (and (= sequential_notification 1) (not (= seller_id2 "2088301194649043"))) (= returnVal 0))
(=> (and (or (and (= sequential_notification 1) (= sequential_handling 2)) (= sequential_notification 0)) (not (= total_amount3 "9.00"))) (= returnVal 0))
(=> (and (or (and (= sequential_notification 1) (= sequential_handling 2)) (= sequential_notification 0)) (not (= app_id3 "2014072300007148"))) (= returnVal 0))
(=> (and (or (and (= sequential_notification 1) (= sequential_handling 2)) (= sequential_notification 0)) (not (= out_trade_no3 "201800000001201"))) (= returnVal 0))
(=> (and (or (and (= sequential_notification 1) (= sequential_handling 2)) (= sequential_notification 0)) (not (= seller_id3 "2088301194649043"))) (= returnVal 0))